// Vitest Snapshot v1, https://vitest.dev/guide/snapshot.html

exports[`AppRoutes > matches snapshot 1`] = `
<DocumentFragment>
  <div>
    Loading...
  </div>
</DocumentFragment>
`;
