// Vitest Snapshot v1, https://vitest.dev/guide/snapshot.html

exports[`Card > matches snapshot 1`] = `
<DocumentFragment>
  <div
    aria-labelledby="card-title-snapshot"
    class="card custom-class hoverable"
    role="group"
  >
    <div
      class="card-body"
    >
      <div
        class="card-title"
        id="Snapshot-title"
      >
        Snapshot
      </div>
      <span>
        Snapshot test
      </span>
    </div>
    <div
      aria-hidden="true"
      class="card-overlay-box"
    />
    <div
      aria-hidden="false"
      aria-label="Details"
      class="card-overlay-box-text"
    >
      Details
    </div>
  </div>
</DocumentFragment>
`;
